exports[`App renders correctly 1`] = `
<div>
  <Header
    title="Header" />
  <Navigation
    data={
      Array [
        Object {
          "href": "#",
          "id": 1,
          "title": "Coats & Jackets",
        },
        Object {
          "href": "#",
          "id": 2,
          "title": "Knitwear",
        },
        Object {
          "href": "#",
          "id": 3,
          "title": "Shirts",
        },
        Object {
          "href": "#",
          "id": 4,
          "title": "Tops",
        },
        Object {
          "href": "#",
          "id": 5,
          "title": "Trousers",
        },
      ]
    } />
  <FeaturedProducts
    data={
      Array [
        Object {
          "description": "Versatility, quality
        and diverse design mean that in AW16’s knitwear collection, there’s a style
        to suit every man no matter his taste or need.",
          "href": "#",
          "id": 1,
          "title": "Knit Picks",
        },
        Object {
          "description": "A collection of
        products which will enable your life to be lived that little bit more
        stylishly.",
          "href": "#",
          "id": 2,
          "title": "Collaborations",
        },
        Object {
          "description": "Don’t let your
        autumn/winter wardrobe become a uniform of black, navy and grey. For AW16
        green has received the green light.",
          "href": "#",
          "id": 3,
          "title": "The Green Light",
        },
        Object {
          "description": "Whether you favour a
        short jacket or a long overcoat, this season’s outerwear is a tale of two
        halves. Discover AW16’s most essential investments.",
          "href": "#",
          "id": 4,
          "title": "Coat Tales",
        },
      ]
    } />
  <Footer />
</div>
`;
