exports[`FeaturedProduct renders correctly 1`] = `
<div
  className="featuredproduct">
  <a
    href="#">
    <p>
      Test
    </p>
    <p>
      A Test
    </p>
  </a>
</div>
`;
