exports[`FeaturedProducts renders correctly 1`] = `
<section
  className="featuredproducts">
  <FeaturedProduct
    description="Versatility, quality
        and diverse design mean that in AW16’s knitwear collection, there’s a style
        to suit every man no matter his taste or need."
    href="#"
    id={1}
    title="Knit Picks" />
  <FeaturedProduct
    description="A collection of
        products which will enable your life to be lived that little bit more
        stylishly."
    href="#"
    id={2}
    title="Collaborations" />
  <FeaturedProduct
    description="Don’t let your
        autumn/winter wardrobe become a uniform of black, navy and grey. For AW16
        green has received the green light."
    href="#"
    id={3}
    title="The Green Light" />
  <FeaturedProduct
    description="Whether you favour a
        short jacket or a long overcoat, this season’s outerwear is a tale of two
        halves. Discover AW16’s most essential investments."
    href="#"
    id={4}
    title="Coat Tales" />
</section>
`;
