exports[`Footer renders correctly 1`] = `
<footer>
  <p>
    Â© 2016
  </p>
</footer>
`;
