exports[`Navigation renders correctly 1`] = `
<nav>
  <ul>
    <NavigationLink
      href="#"
      id={1}
      title="Coats & Jackets" />
    <NavigationLink
      href="#"
      id={2}
      title="Knitwear" />
    <NavigationLink
      href="#"
      id={3}
      title="Shirts" />
    <NavigationLink
      href="#"
      id={4}
      title="Tops" />
    <NavigationLink
      href="#"
      id={5}
      title="Trousers" />
  </ul>
</nav>
`;
